// Jest Snapshot v1, https://goo.gl/fbAQLP

exports[`LocationCard should always match the Snapshot 1`] = `
ShallowWrapper {
  "length": 1,
  Symbol(enzyme.__root__): [Circular],
  Symbol(enzyme.__unrendered__): <Connect(LocationCard)
    locationInfo={
        Object {
            "allowMenuUrlEdit": true,
            "beenHere": Object {
              "count": 0,
              "lastCheckinExpiredAt": 0,
              "marked": false,
            },
            "categories": Array [
              Object {
                "icon": Object {
                  "prefix": "https://ss3.4sqi.net/img/categories_v2/nightlife/pub_",
                  "suffix": ".png",
                },
                "id": "4bf58dd8d48988d116941735",
                "name": "Bar",
                "pluralName": "Bars",
                "primary": true,
                "shortName": "Bar",
              },
            ],
            "contact": Object {
              "facebook": "115875251829234",
              "facebookName": "Paddy's Pub",
              "formattedPhone": "(303) 867-5309",
              "phone": "3032551400",
              "twitter": "paddysmfnpub",
            },
            "hasMenu": true,
            "hereNow": Object {
              "count": 0,
              "groups": Array [],
              "summary": "Nobody here",
            },
            "hours": Object {
              "isLocalHoliday": false,
              "isOpen": true,
              "richStatus": Object {
                "entities": Array [],
                "text": "Likely open",
              },
              "status": "Likely open",
            },
            "id": "4b044f71f964a5202e5322e3",
            "isFavorite": false,
            "location": Object {
              "address": "11140 Irma Dr",
              "cc": "US",
              "city": "Northglenn",
              "country": "United States",
              "distance": 4876,
              "formattedAddress": Array [
                "11140 Irma Dr",
                "Northglenn, CO 80233",
                "United States",
              ],
              "labeledLatLngs": Array [
                Object {
                  "label": "display",
                  "lat": 39.89855629220959,
                  "lng": -104.96589290871326,
                },
              ],
              "lat": 39.89855629220959,
              "lng": -104.96589290871326,
              "postalCode": "80233",
              "state": "CO",
            },
            "menu": Object {
              "anchor": "View Menu",
              "label": "Menu",
              "mobileUrl": "https://foursquare.com/v/4b044f71f964a5202e5322e3/device_menu",
              "type": "Menu",
              "url": "https://foursquare.com/v/the-glenn/4b044f71f964a5202e5322e3/menu",
            },
            "name": "Paddy's Pub",
            "photos": Object {
              "count": 0,
              "groups": Array [],
            },
            "price": Object {
              "currency": "$",
              "message": "Moderate",
              "tier": 2,
            },
            "rating": 8.4,
            "ratingSignals": 84,
            "stats": Object {
              "checkinsCount": 2080,
              "tipCount": 29,
              "usersCount": 702,
            },
            "url": "http://theglennbarandgrill.com",
            "verified": false,
          }
    }
    store={
        Object {
            "clearActions": [Function],
            "dispatch": [Function],
            "getActions": [Function],
            "getState": [Function],
            "replaceReducer": [Function],
            "subscribe": [Function],
          }
    }
/>,
  Symbol(enzyme.__renderer__): Object {
    "batchedUpdates": [Function],
    "getNode": [Function],
    "render": [Function],
    "simulateEvent": [Function],
    "unmount": [Function],
  },
  Symbol(enzyme.__node__): Object {
    "instance": null,
    "key": null,
    "nodeType": "function",
    "props": Object {
      "addFavorite": [Function],
      "favorites": Array [],
      "locationInfo": Object {
        "allowMenuUrlEdit": true,
        "beenHere": Object {
          "count": 0,
          "lastCheckinExpiredAt": 0,
          "marked": false,
        },
        "categories": Array [
          Object {
            "icon": Object {
              "prefix": "https://ss3.4sqi.net/img/categories_v2/nightlife/pub_",
              "suffix": ".png",
            },
            "id": "4bf58dd8d48988d116941735",
            "name": "Bar",
            "pluralName": "Bars",
            "primary": true,
            "shortName": "Bar",
          },
        ],
        "contact": Object {
          "facebook": "115875251829234",
          "facebookName": "Paddy's Pub",
          "formattedPhone": "(303) 867-5309",
          "phone": "3032551400",
          "twitter": "paddysmfnpub",
        },
        "hasMenu": true,
        "hereNow": Object {
          "count": 0,
          "groups": Array [],
          "summary": "Nobody here",
        },
        "hours": Object {
          "isLocalHoliday": false,
          "isOpen": true,
          "richStatus": Object {
            "entities": Array [],
            "text": "Likely open",
          },
          "status": "Likely open",
        },
        "id": "4b044f71f964a5202e5322e3",
        "isFavorite": false,
        "location": Object {
          "address": "11140 Irma Dr",
          "cc": "US",
          "city": "Northglenn",
          "country": "United States",
          "distance": 4876,
          "formattedAddress": Array [
            "11140 Irma Dr",
            "Northglenn, CO 80233",
            "United States",
          ],
          "labeledLatLngs": Array [
            Object {
              "label": "display",
              "lat": 39.89855629220959,
              "lng": -104.96589290871326,
            },
          ],
          "lat": 39.89855629220959,
          "lng": -104.96589290871326,
          "postalCode": "80233",
          "state": "CO",
        },
        "menu": Object {
          "anchor": "View Menu",
          "label": "Menu",
          "mobileUrl": "https://foursquare.com/v/4b044f71f964a5202e5322e3/device_menu",
          "type": "Menu",
          "url": "https://foursquare.com/v/the-glenn/4b044f71f964a5202e5322e3/menu",
        },
        "name": "Paddy's Pub",
        "photos": Object {
          "count": 0,
          "groups": Array [],
        },
        "price": Object {
          "currency": "$",
          "message": "Moderate",
          "tier": 2,
        },
        "rating": 8.4,
        "ratingSignals": 84,
        "stats": Object {
          "checkinsCount": 2080,
          "tipCount": 29,
          "usersCount": 702,
        },
        "url": "http://theglennbarandgrill.com",
        "verified": false,
      },
      "locations": Array [],
      "removeFavorite": [Function],
      "store": Object {
        "clearActions": [Function],
        "dispatch": [Function],
        "getActions": [Function],
        "getState": [Function],
        "replaceReducer": [Function],
        "subscribe": [Function],
      },
      "storeSubscription": Subscription {
        "listeners": Object {
          "clear": [Function],
          "get": [Function],
          "notify": [Function],
          "subscribe": [Function],
        },
        "onStateChange": [Function],
        "parentSub": undefined,
        "store": Object {
          "clearActions": [Function],
          "dispatch": [Function],
          "getActions": [Function],
          "getState": [Function],
          "replaceReducer": [Function],
          "subscribe": [Function],
        },
        "unsubscribe": [Function],
      },
      "toggleFavorite": [Function],
    },
    "ref": null,
    "rendered": null,
    "type": [Function],
  },
  Symbol(enzyme.__nodes__): Array [
    Object {
      "instance": null,
      "key": null,
      "nodeType": "function",
      "props": Object {
        "addFavorite": [Function],
        "favorites": Array [],
        "locationInfo": Object {
          "allowMenuUrlEdit": true,
          "beenHere": Object {
            "count": 0,
            "lastCheckinExpiredAt": 0,
            "marked": false,
          },
          "categories": Array [
            Object {
              "icon": Object {
                "prefix": "https://ss3.4sqi.net/img/categories_v2/nightlife/pub_",
                "suffix": ".png",
              },
              "id": "4bf58dd8d48988d116941735",
              "name": "Bar",
              "pluralName": "Bars",
              "primary": true,
              "shortName": "Bar",
            },
          ],
          "contact": Object {
            "facebook": "115875251829234",
            "facebookName": "Paddy's Pub",
            "formattedPhone": "(303) 867-5309",
            "phone": "3032551400",
            "twitter": "paddysmfnpub",
          },
          "hasMenu": true,
          "hereNow": Object {
            "count": 0,
            "groups": Array [],
            "summary": "Nobody here",
          },
          "hours": Object {
            "isLocalHoliday": false,
            "isOpen": true,
            "richStatus": Object {
              "entities": Array [],
              "text": "Likely open",
            },
            "status": "Likely open",
          },
          "id": "4b044f71f964a5202e5322e3",
          "isFavorite": false,
          "location": Object {
            "address": "11140 Irma Dr",
            "cc": "US",
            "city": "Northglenn",
            "country": "United States",
            "distance": 4876,
            "formattedAddress": Array [
              "11140 Irma Dr",
              "Northglenn, CO 80233",
              "United States",
            ],
            "labeledLatLngs": Array [
              Object {
                "label": "display",
                "lat": 39.89855629220959,
                "lng": -104.96589290871326,
              },
            ],
            "lat": 39.89855629220959,
            "lng": -104.96589290871326,
            "postalCode": "80233",
            "state": "CO",
          },
          "menu": Object {
            "anchor": "View Menu",
            "label": "Menu",
            "mobileUrl": "https://foursquare.com/v/4b044f71f964a5202e5322e3/device_menu",
            "type": "Menu",
            "url": "https://foursquare.com/v/the-glenn/4b044f71f964a5202e5322e3/menu",
          },
          "name": "Paddy's Pub",
          "photos": Object {
            "count": 0,
            "groups": Array [],
          },
          "price": Object {
            "currency": "$",
            "message": "Moderate",
            "tier": 2,
          },
          "rating": 8.4,
          "ratingSignals": 84,
          "stats": Object {
            "checkinsCount": 2080,
            "tipCount": 29,
            "usersCount": 702,
          },
          "url": "http://theglennbarandgrill.com",
          "verified": false,
        },
        "locations": Array [],
        "removeFavorite": [Function],
        "store": Object {
          "clearActions": [Function],
          "dispatch": [Function],
          "getActions": [Function],
          "getState": [Function],
          "replaceReducer": [Function],
          "subscribe": [Function],
        },
        "storeSubscription": Subscription {
          "listeners": Object {
            "clear": [Function],
            "get": [Function],
            "notify": [Function],
            "subscribe": [Function],
          },
          "onStateChange": [Function],
          "parentSub": undefined,
          "store": Object {
            "clearActions": [Function],
            "dispatch": [Function],
            "getActions": [Function],
            "getState": [Function],
            "replaceReducer": [Function],
            "subscribe": [Function],
          },
          "unsubscribe": [Function],
        },
        "toggleFavorite": [Function],
      },
      "ref": null,
      "rendered": null,
      "type": [Function],
    },
  ],
  Symbol(enzyme.__options__): Object {
    "adapter": ReactSixteenAdapter {
      "options": Object {
        "enableComponentDidUpdateOnSetState": true,
      },
    },
  },
}
`;
